// Jest Snapshot v1, https://goo.gl/fbAQLP

exports[`LoadingIndicator.vue renders 1`] = `
<div
  class="loading-indicator control is-loading"
/>
`;
